using System;
using System.CodeDom.Compiler;
using System.Collections.Generic;

namespace Level1.Level2
{
    [GeneratedCode("Dojo.SourceGenerator", "1.1.0.0")]
    public partial class RemotePaymentIntentSettings
    {
        public string Topic { get; set; }

        public bool SkipCreationOfTopic { get; set; }
    }
}