using System;
using System.CodeDom.Compiler;
using System.Collections.Generic;

namespace Level1.Level2
{
    [GeneratedCode("Dojo.SourceGenerator", "1.1.0.0")]
    public partial class ApiKeysClientSettings
    {
        public Uri BaseUrl { get; set; }

        public TimeSpan Timeout { get; set; }

        public string ServiceAccountId { get; set; }

        public string Scope { get; set; }

        public string Version { get; set; }
    }
}