using System;
using System.CodeDom.Compiler;
using System.Collections.Generic;

namespace Level1.Level2
{
    [GeneratedCode("Dojo.SourceGenerator", "1.1.0.0")]
    public partial class MongoDbSettings
    {
        public string ConnectionStringName { get; set; }
    }
}