using System;
using System.CodeDom.Compiler;
using System.Collections.Generic;

namespace Level1.Level2
{
    [GeneratedCode("Dojo.SourceGenerator", "1.1.0.0")]
    public partial class AppSettings
    {
        public GcpSettings Gcp { get; set; }

        public ApiKeysClientSettings ApiKeysClient { get; set; }

        public AccountsClientSettings AccountsClient { get; set; }

        public GeneralSettings General { get; set; }

        public string JAEGER_AGENT_HOST { get; set; }

        public string JAEGER_AGENT_PORT { get; set; }

        public string JAEGER_SERVICE_NAME { get; set; }
    }
}